Archive member included to satisfy reference by file (symbol)

c:/program files/microchip/xc8/v2.46/avr/bin/../lib/gcc/avr/5.4.0/avrxmega3/short-calls\libgcc.a(_copy_data.o)
                              build/default/debug/mcc_generated_files/i2c_host/src/twi0.o (__do_copy_data)
c:/program files/microchip/xc8/v2.46/avr/bin/../lib/gcc/avr/5.4.0/../../../../avr/lib/avrxmega3/short-calls\libc.a(exit.o)
                              C:/Program Files/Microchip/MPLABX/v6.20/packs/Microchip/ATtiny_DFP/3.1.260/xc8/avr/lib/avrxmega3/short-calls/crtattiny424.o (exit)
c:/program files/microchip/xc8/v2.46/avr/bin/../lib/gcc/avr/5.4.0/../../../../avr/lib/avrxmega3/short-calls\libc.a(_Exit.o)
                              c:/program files/microchip/xc8/v2.46/avr/bin/../lib/gcc/avr/5.4.0/../../../../avr/lib/avrxmega3/short-calls\libc.a(exit.o) (_Exit)
c:/program files/microchip/xc8/v2.46/avr/bin/../lib/gcc/avr/5.4.0/avrxmega3/short-calls\libgcc.a(_exit.o)
                              c:/program files/microchip/xc8/v2.46/avr/bin/../lib/gcc/avr/5.4.0/../../../../avr/lib/avrxmega3/short-calls\libc.a(_Exit.o) (_exit)

Discarded input sections

 .data          0x0000000000000000        0x0 C:/Program Files/Microchip/MPLABX/v6.20/packs/Microchip/ATtiny_DFP/3.1.260/xc8/avr/lib/avrxmega3/short-calls/crtattiny424.o
 .bss           0x0000000000000000        0x0 C:/Program Files/Microchip/MPLABX/v6.20/packs/Microchip/ATtiny_DFP/3.1.260/xc8/avr/lib/avrxmega3/short-calls/crtattiny424.o
 .text          0x0000000000000000        0x0 build/default/debug/mcc_generated_files/adc/src/adc0.o
 .data          0x0000000000000000        0x0 build/default/debug/mcc_generated_files/adc/src/adc0.o
 .bss           0x0000000000000000        0x0 build/default/debug/mcc_generated_files/adc/src/adc0.o
 .text.ADC0_Enable
                0x0000000000000000        0xc build/default/debug/mcc_generated_files/adc/src/adc0.o
 .text.ADC0_Disable
                0x0000000000000000        0xc build/default/debug/mcc_generated_files/adc/src/adc0.o
 .text.ADC0_SetWindowHigh
                0x0000000000000000        0xa build/default/debug/mcc_generated_files/adc/src/adc0.o
 .text.ADC0_SetWindowLow
                0x0000000000000000        0xa build/default/debug/mcc_generated_files/adc/src/adc0.o
 .text.ADC0_SetWindowMode
                0x0000000000000000        0x6 build/default/debug/mcc_generated_files/adc/src/adc0.o
 .text.ADC0_SetWindowChannel
                0x0000000000000000       0x12 build/default/debug/mcc_generated_files/adc/src/adc0.o
 .text.ADC0_StartConversion
                0x0000000000000000       0x1e build/default/debug/mcc_generated_files/adc/src/adc0.o
 .text.ADC0_StartDiffConversion
                0x0000000000000000       0x24 build/default/debug/mcc_generated_files/adc/src/adc0.o
 .text.ADC0_StopConversion
                0x0000000000000000        0xa build/default/debug/mcc_generated_files/adc/src/adc0.o
 .text.ADC0_IsConversionDone
                0x0000000000000000        0x8 build/default/debug/mcc_generated_files/adc/src/adc0.o
 .text.ADC0_GetConversionResult
                0x0000000000000000       0x12 build/default/debug/mcc_generated_files/adc/src/adc0.o
 .text.ADC0_GetWindowResult
                0x0000000000000000       0x12 build/default/debug/mcc_generated_files/adc/src/adc0.o
 .text.ADC0_GetConversion
                0x0000000000000000       0x1a build/default/debug/mcc_generated_files/adc/src/adc0.o
 .text.ADC0_GetDiffConversion
                0x0000000000000000       0x2c build/default/debug/mcc_generated_files/adc/src/adc0.o
 .text.ADC0_GetResolution
                0x0000000000000000        0x8 build/default/debug/mcc_generated_files/adc/src/adc0.o
 .text.ADC0_RegisterWindowCallback
                0x0000000000000000        0xa build/default/debug/mcc_generated_files/adc/src/adc0.o
 .bss.ADC0_window_cb
                0x0000000000000000        0x2 build/default/debug/mcc_generated_files/adc/src/adc0.o
 .text          0x0000000000000000        0x0 build/default/debug/mcc_generated_files/i2c_host/src/twi0.o
 .data          0x0000000000000000        0x0 build/default/debug/mcc_generated_files/i2c_host/src/twi0.o
 .bss           0x0000000000000000        0x0 build/default/debug/mcc_generated_files/i2c_host/src/twi0.o
 .text.TWI0_ErrorGet
                0x0000000000000000        0xa build/default/debug/mcc_generated_files/i2c_host/src/twi0.o
 .text.TWI0_CallbackRegister
                0x0000000000000000        0xe build/default/debug/mcc_generated_files/i2c_host/src/twi0.o
 .text.TWI0_Read
                0x0000000000000000       0x58 build/default/debug/mcc_generated_files/i2c_host/src/twi0.o
 .text.TWI0_WriteRead
                0x0000000000000000       0x6a build/default/debug/mcc_generated_files/i2c_host/src/twi0.o
 .text.TWI0_Deinitialize
                0x0000000000000000       0x30 build/default/debug/mcc_generated_files/i2c_host/src/twi0.o
 .rodata.I2C0_Host
                0x0000000000000000       0x14 build/default/debug/mcc_generated_files/i2c_host/src/twi0.o
 .text          0x0000000000000000        0x0 build/default/debug/mcc_generated_files/nvm/src/nvm.o
 .data          0x0000000000000000        0x0 build/default/debug/mcc_generated_files/nvm/src/nvm.o
 .bss           0x0000000000000000        0x0 build/default/debug/mcc_generated_files/nvm/src/nvm.o
 .text.NVM_StatusGet
                0x0000000000000000        0xc build/default/debug/mcc_generated_files/nvm/src/nvm.o
 .text.FLASH_Read
                0x0000000000000000        0x8 build/default/debug/mcc_generated_files/nvm/src/nvm.o
 .text.FLASH_RowWrite
                0x0000000000000000       0x2e build/default/debug/mcc_generated_files/nvm/src/nvm.o
 .text.FLASH_PageErase
                0x0000000000000000       0x1c build/default/debug/mcc_generated_files/nvm/src/nvm.o
 .text.FLASH_PageAddressGet
                0x0000000000000000        0x6 build/default/debug/mcc_generated_files/nvm/src/nvm.o
 .text.FLASH_PageOffsetGet
                0x0000000000000000        0x6 build/default/debug/mcc_generated_files/nvm/src/nvm.o
 .text.FLASH_IsBusy
                0x0000000000000000        0x8 build/default/debug/mcc_generated_files/nvm/src/nvm.o
 .text.EEPROM_Read
                0x0000000000000000        0x6 build/default/debug/mcc_generated_files/nvm/src/nvm.o
 .text.EEPROM_Write
                0x0000000000000000       0x10 build/default/debug/mcc_generated_files/nvm/src/nvm.o
 .text.EEPROM_IsBusy
                0x0000000000000000        0xa build/default/debug/mcc_generated_files/nvm/src/nvm.o
 .text          0x0000000000000000        0x0 build/default/debug/mcc_generated_files/system/src/config_bits.o
 .data          0x0000000000000000        0x0 build/default/debug/mcc_generated_files/system/src/config_bits.o
 .bss           0x0000000000000000        0x0 build/default/debug/mcc_generated_files/system/src/config_bits.o
 .text          0x0000000000000000        0x0 build/default/debug/mcc_generated_files/system/src/system.o
 .data          0x0000000000000000        0x0 build/default/debug/mcc_generated_files/system/src/system.o
 .bss           0x0000000000000000        0x0 build/default/debug/mcc_generated_files/system/src/system.o
 .text          0x0000000000000000        0x0 build/default/debug/mcc_generated_files/system/src/protected_io.o
 .data          0x0000000000000000        0x0 build/default/debug/mcc_generated_files/system/src/protected_io.o
 .bss           0x0000000000000000        0x0 build/default/debug/mcc_generated_files/system/src/protected_io.o
 .text          0x0000000000000000        0x0 build/default/debug/mcc_generated_files/system/src/pins.o
 .data          0x0000000000000000        0x0 build/default/debug/mcc_generated_files/system/src/pins.o
 .bss           0x0000000000000000        0x0 build/default/debug/mcc_generated_files/system/src/pins.o
 .text.IO_PB0_SetInterruptHandler
                0x0000000000000000        0xa build/default/debug/mcc_generated_files/system/src/pins.o
 .text.IO_PB1_SetInterruptHandler
                0x0000000000000000        0xa build/default/debug/mcc_generated_files/system/src/pins.o
 .text.IO_PA1_SetInterruptHandler
                0x0000000000000000        0xa build/default/debug/mcc_generated_files/system/src/pins.o
 .text.IO_PA2_SetInterruptHandler
                0x0000000000000000        0xa build/default/debug/mcc_generated_files/system/src/pins.o
 .text.IO_PA3_SetInterruptHandler
                0x0000000000000000        0xa build/default/debug/mcc_generated_files/system/src/pins.o
 .text.IO_PA4_SetInterruptHandler
                0x0000000000000000        0xa build/default/debug/mcc_generated_files/system/src/pins.o
 .text.IO_PA5_SetInterruptHandler
                0x0000000000000000        0xa build/default/debug/mcc_generated_files/system/src/pins.o
 .text.IO_PA6_SetInterruptHandler
                0x0000000000000000        0xa build/default/debug/mcc_generated_files/system/src/pins.o
 .text.IO_PB2_SetInterruptHandler
                0x0000000000000000        0xa build/default/debug/mcc_generated_files/system/src/pins.o
 .text.IO_PB3_SetInterruptHandler
                0x0000000000000000        0xa build/default/debug/mcc_generated_files/system/src/pins.o
 .text          0x0000000000000000        0x0 build/default/debug/mcc_generated_files/system/src/clock.o
 .data          0x0000000000000000        0x0 build/default/debug/mcc_generated_files/system/src/clock.o
 .bss           0x0000000000000000        0x0 build/default/debug/mcc_generated_files/system/src/clock.o
 .text          0x0000000000000000        0x0 build/default/debug/mcc_generated_files/system/src/interrupt.o
 .data          0x0000000000000000        0x0 build/default/debug/mcc_generated_files/system/src/interrupt.o
 .bss           0x0000000000000000        0x0 build/default/debug/mcc_generated_files/system/src/interrupt.o
 .text          0x0000000000000000        0x0 build/default/debug/mcc_generated_files/vref/src/vref.o
 .data          0x0000000000000000        0x0 build/default/debug/mcc_generated_files/vref/src/vref.o
 .bss           0x0000000000000000        0x0 build/default/debug/mcc_generated_files/vref/src/vref.o
 .text          0x0000000000000000        0x0 build/default/debug/main.o
 .data          0x0000000000000000        0x0 build/default/debug/main.o
 .bss           0x0000000000000000        0x0 build/default/debug/main.o
 .bss.twi_data  0x0000000000000000        0xc build/default/debug/main.o
 .text          0x0000000000000000        0x0 c:/program files/microchip/xc8/v2.46/avr/bin/../lib/gcc/avr/5.4.0/avrxmega3/short-calls\libgcc.a(_copy_data.o)
 .data          0x0000000000000000        0x0 c:/program files/microchip/xc8/v2.46/avr/bin/../lib/gcc/avr/5.4.0/avrxmega3/short-calls\libgcc.a(_copy_data.o)
 .bss           0x0000000000000000        0x0 c:/program files/microchip/xc8/v2.46/avr/bin/../lib/gcc/avr/5.4.0/avrxmega3/short-calls\libgcc.a(_copy_data.o)
 .text.libgcc.mul
                0x0000000000000000        0x0 c:/program files/microchip/xc8/v2.46/avr/bin/../lib/gcc/avr/5.4.0/avrxmega3/short-calls\libgcc.a(_copy_data.o)
 .text.libgcc.div
                0x0000000000000000        0x0 c:/program files/microchip/xc8/v2.46/avr/bin/../lib/gcc/avr/5.4.0/avrxmega3/short-calls\libgcc.a(_copy_data.o)
 .text.libgcc   0x0000000000000000        0x0 c:/program files/microchip/xc8/v2.46/avr/bin/../lib/gcc/avr/5.4.0/avrxmega3/short-calls\libgcc.a(_copy_data.o)
 .text.libgcc.prologue
                0x0000000000000000        0x0 c:/program files/microchip/xc8/v2.46/avr/bin/../lib/gcc/avr/5.4.0/avrxmega3/short-calls\libgcc.a(_copy_data.o)
 .text.libgcc.builtins
                0x0000000000000000        0x0 c:/program files/microchip/xc8/v2.46/avr/bin/../lib/gcc/avr/5.4.0/avrxmega3/short-calls\libgcc.a(_copy_data.o)
 .text.libgcc.fmul
                0x0000000000000000        0x0 c:/program files/microchip/xc8/v2.46/avr/bin/../lib/gcc/avr/5.4.0/avrxmega3/short-calls\libgcc.a(_copy_data.o)
 .text.libgcc.fixed
                0x0000000000000000        0x0 c:/program files/microchip/xc8/v2.46/avr/bin/../lib/gcc/avr/5.4.0/avrxmega3/short-calls\libgcc.a(_copy_data.o)
 .text          0x0000000000000000        0x0 c:/program files/microchip/xc8/v2.46/avr/bin/../lib/gcc/avr/5.4.0/../../../../avr/lib/avrxmega3/short-calls\libc.a(exit.o)
 .data          0x0000000000000000        0x0 c:/program files/microchip/xc8/v2.46/avr/bin/../lib/gcc/avr/5.4.0/../../../../avr/lib/avrxmega3/short-calls\libc.a(exit.o)
 .bss           0x0000000000000000        0x0 c:/program files/microchip/xc8/v2.46/avr/bin/../lib/gcc/avr/5.4.0/../../../../avr/lib/avrxmega3/short-calls\libc.a(exit.o)
 .stack.descriptors
                0x0000000000000000       0x73 c:/program files/microchip/xc8/v2.46/avr/bin/../lib/gcc/avr/5.4.0/../../../../avr/lib/avrxmega3/short-calls\libc.a(exit.o)
 .text          0x0000000000000000        0x0 c:/program files/microchip/xc8/v2.46/avr/bin/../lib/gcc/avr/5.4.0/../../../../avr/lib/avrxmega3/short-calls\libc.a(_Exit.o)
 .data          0x0000000000000000        0x0 c:/program files/microchip/xc8/v2.46/avr/bin/../lib/gcc/avr/5.4.0/../../../../avr/lib/avrxmega3/short-calls\libc.a(_Exit.o)
 .bss           0x0000000000000000        0x0 c:/program files/microchip/xc8/v2.46/avr/bin/../lib/gcc/avr/5.4.0/../../../../avr/lib/avrxmega3/short-calls\libc.a(_Exit.o)
 .stack.descriptors
                0x0000000000000000       0x13 c:/program files/microchip/xc8/v2.46/avr/bin/../lib/gcc/avr/5.4.0/../../../../avr/lib/avrxmega3/short-calls\libc.a(_Exit.o)
 .text          0x0000000000000000        0x0 c:/program files/microchip/xc8/v2.46/avr/bin/../lib/gcc/avr/5.4.0/avrxmega3/short-calls\libgcc.a(_exit.o)
 .data          0x0000000000000000        0x0 c:/program files/microchip/xc8/v2.46/avr/bin/../lib/gcc/avr/5.4.0/avrxmega3/short-calls\libgcc.a(_exit.o)
 .bss           0x0000000000000000        0x0 c:/program files/microchip/xc8/v2.46/avr/bin/../lib/gcc/avr/5.4.0/avrxmega3/short-calls\libgcc.a(_exit.o)
 .text.libgcc.mul
                0x0000000000000000        0x0 c:/program files/microchip/xc8/v2.46/avr/bin/../lib/gcc/avr/5.4.0/avrxmega3/short-calls\libgcc.a(_exit.o)
 .text.libgcc.div
                0x0000000000000000        0x0 c:/program files/microchip/xc8/v2.46/avr/bin/../lib/gcc/avr/5.4.0/avrxmega3/short-calls\libgcc.a(_exit.o)
 .text.libgcc   0x0000000000000000        0x0 c:/program files/microchip/xc8/v2.46/avr/bin/../lib/gcc/avr/5.4.0/avrxmega3/short-calls\libgcc.a(_exit.o)
 .text.libgcc.prologue
                0x0000000000000000        0x0 c:/program files/microchip/xc8/v2.46/avr/bin/../lib/gcc/avr/5.4.0/avrxmega3/short-calls\libgcc.a(_exit.o)
 .stack.descriptors
                0x0000000000000000       0x13 c:/program files/microchip/xc8/v2.46/avr/bin/../lib/gcc/avr/5.4.0/avrxmega3/short-calls\libgcc.a(_exit.o)
 .text.libgcc.builtins
                0x0000000000000000        0x0 c:/program files/microchip/xc8/v2.46/avr/bin/../lib/gcc/avr/5.4.0/avrxmega3/short-calls\libgcc.a(_exit.o)
 .text.libgcc.fmul
                0x0000000000000000        0x0 c:/program files/microchip/xc8/v2.46/avr/bin/../lib/gcc/avr/5.4.0/avrxmega3/short-calls\libgcc.a(_exit.o)
 .text.libgcc.fixed
                0x0000000000000000        0x0 c:/program files/microchip/xc8/v2.46/avr/bin/../lib/gcc/avr/5.4.0/avrxmega3/short-calls\libgcc.a(_exit.o)

Memory Configuration

Name             Origin             Length             Attributes
text             0x0000000000000000 0x0000000000001000 xr
data             0x0000000000803e00 0x0000000000000200 rw !x
eeprom           0x0000000000810000 0x0000000000000080 rw !x
fuse             0x0000000000820000 0x000000000000000a rw !x
lock             0x0000000000830000 0x0000000000000400 rw !x
signature        0x0000000000840000 0x0000000000000400 rw !x
user_signatures  0x0000000000850000 0x0000000000000400 rw !x
bootrow          0x0000000000860000 0x0000000000000400 rw !x
*default*        0x0000000000000000 0xffffffffffffffff

Linker script and memory map

Address of section .data set to 0x803e00
                0x0000000000008000                __RODATA_PM_OFFSET__ = 0x8000
LOAD C:/Program Files/Microchip/MPLABX/v6.20/packs/Microchip/ATtiny_DFP/3.1.260/xc8/avr/lib/avrxmega3/short-calls/crtattiny424.o
                0x0000000000000001                __MPLAB_BUILD = 0x1
LOAD build/default/debug/mcc_generated_files/adc/src/adc0.o
LOAD build/default/debug/mcc_generated_files/i2c_host/src/twi0.o
LOAD build/default/debug/mcc_generated_files/nvm/src/nvm.o
LOAD build/default/debug/mcc_generated_files/system/src/config_bits.o
LOAD build/default/debug/mcc_generated_files/system/src/system.o
LOAD build/default/debug/mcc_generated_files/system/src/protected_io.o
LOAD build/default/debug/mcc_generated_files/system/src/pins.o
LOAD build/default/debug/mcc_generated_files/system/src/clock.o
LOAD build/default/debug/mcc_generated_files/system/src/interrupt.o
LOAD build/default/debug/mcc_generated_files/vref/src/vref.o
LOAD build/default/debug/main.o
START GROUP
LOAD c:/program files/microchip/xc8/v2.46/avr/bin/../lib/gcc/avr/5.4.0/../../../../avr/lib/avrxmega3/short-calls\libm.a
END GROUP
                0x0000000000000001                __MPLAB_DEBUG = 0x1
                0x0000000000000001                __DEBUG = 0x1
START GROUP
LOAD c:/program files/microchip/xc8/v2.46/avr/bin/../lib/gcc/avr/5.4.0/avrxmega3/short-calls\libgcc.a
LOAD c:/program files/microchip/xc8/v2.46/avr/bin/../lib/gcc/avr/5.4.0/../../../../avr/lib/avrxmega3/short-calls\libm.a
LOAD c:/program files/microchip/xc8/v2.46/avr/bin/../lib/gcc/avr/5.4.0/../../../../avr/lib/avrxmega3/short-calls\libc.a
LOAD C:/Program Files/Microchip/MPLABX/v6.20/packs/Microchip/ATtiny_DFP/3.1.260/xc8/avr/lib/avrxmega3/short-calls\libattiny424.a
END GROUP
                [0x0000000000000000]                __TEXT_REGION_ORIGIN__ = DEFINED (__TEXT_REGION_ORIGIN__)?__TEXT_REGION_ORIGIN__:0x0
                [0x0000000000803e00]                __DATA_REGION_ORIGIN__ = DEFINED (__DATA_REGION_ORIGIN__)?__DATA_REGION_ORIGIN__:0x802000
                [0x0000000000001000]                __TEXT_REGION_LENGTH__ = DEFINED (__TEXT_REGION_LENGTH__)?__TEXT_REGION_LENGTH__:0x100000
                [0x0000000000000200]                __DATA_REGION_LENGTH__ = DEFINED (__DATA_REGION_LENGTH__)?__DATA_REGION_LENGTH__:0xffa0
                [0x0000000000000080]                __EEPROM_REGION_LENGTH__ = DEFINED (__EEPROM_REGION_LENGTH__)?__EEPROM_REGION_LENGTH__:0x10000
                [0x000000000000000a]                __FUSE_REGION_LENGTH__ = DEFINED (__FUSE_REGION_LENGTH__)?__FUSE_REGION_LENGTH__:0x400
                0x0000000000000400                __LOCK_REGION_LENGTH__ = DEFINED (__LOCK_REGION_LENGTH__)?__LOCK_REGION_LENGTH__:0x400
                0x0000000000000400                __SIGNATURE_REGION_LENGTH__ = DEFINED (__SIGNATURE_REGION_LENGTH__)?__SIGNATURE_REGION_LENGTH__:0x400
                0x0000000000000400                __USER_SIGNATURE_REGION_LENGTH__ = DEFINED (__USER_SIGNATURE_REGION_LENGTH__)?__USER_SIGNATURE_REGION_LENGTH__:0x400
                0x0000000000008000                __RODATA_PM_OFFSET__ = DEFINED (__RODATA_PM_OFFSET__)?__RODATA_PM_OFFSET__:0x8000
                0x0000000000000400                __BOOTROW_REGION_LENGTH__ = DEFINED (__BOOTROW_REGION_LENGTH__)?__BOOTROW_REGION_LENGTH__:0x400

.hash
 *(.hash)

.dynsym
 *(.dynsym)

.dynstr
 *(.dynstr)

.gnu.version
 *(.gnu.version)

.gnu.version_d
 *(.gnu.version_d)

.gnu.version_r
 *(.gnu.version_r)

.rel.init
 *(.rel.init)

.rela.init
 *(.rela.init)

.rel.text
 *(.rel.text)
 *(.rel.text.*)
 *(.rel.gnu.linkonce.t*)

.rela.text
 *(.rela.text)
 *(.rela.text.*)
 *(.rela.gnu.linkonce.t*)

.rel.fini
 *(.rel.fini)

.rela.fini
 *(.rela.fini)

.rel.rodata
 *(.rel.rodata)
 *(.rel.rodata.*)
 *(.rel.gnu.linkonce.r*)

.rela.rodata
 *(.rela.rodata)
 *(.rela.rodata.*)
 *(.rela.gnu.linkonce.r*)

.rel.data
 *(.rel.data)
 *(.rel.data.*)
 *(.rel.gnu.linkonce.d*)

.rela.data
 *(.rela.data)
 *(.rela.data.*)
 *(.rela.gnu.linkonce.d*)

.rel.ctors
 *(.rel.ctors)

.rela.ctors
 *(.rela.ctors)

.rel.dtors
 *(.rel.dtors)

.rela.dtors
 *(.rela.dtors)

.rel.got
 *(.rel.got)

.rela.got
 *(.rela.got)

.rel.bss
 *(.rel.bss)

.rela.bss
 *(.rela.bss)

.rel.plt
 *(.rel.plt)

.rela.plt
 *(.rela.plt)

.text           0x0000000000000000       0xa0
 *(.vectors)
 .vectors       0x0000000000000000       0x3c C:/Program Files/Microchip/MPLABX/v6.20/packs/Microchip/ATtiny_DFP/3.1.260/xc8/avr/lib/avrxmega3/short-calls/crtattiny424.o
                0x0000000000000000                __vector_default
                0x0000000000000000                __vectors
 *(.vectors)
 *(.progmem.gcc*)
 *(.dinit)
 .dinit         0x000000000000003c       0x13 data_init
                0x0000000000000050                . = ALIGN (0x2)
 *fill*         0x000000000000004f        0x1 
                0x0000000000000050                __trampolines_start = .
 *(.trampolines)
 .trampolines   0x0000000000000050        0x0 linker stubs
 *(.trampolines*)
                0x0000000000000050                __trampolines_end = .
 *libprintf_flt.a:*(.progmem.data)
 *libc.a:*(.progmem.data)
                0x0000000000000050                . = ALIGN (0x2)
 *(.jumptables)
 *(.jumptables*)
 *(.lowtext)
 *(.lowtext*)
                0x0000000000000050                __ctors_start = .
 *(.ctors)
                0x0000000000000050                __ctors_end = .
                0x0000000000000050                __dtors_start = .
 *(.dtors)
                0x0000000000000050                __dtors_end = .
 SORT(*)(.ctors)
 SORT(*)(.dtors)
 *(.init0)
 .init0         0x0000000000000050        0x0 C:/Program Files/Microchip/MPLABX/v6.20/packs/Microchip/ATtiny_DFP/3.1.260/xc8/avr/lib/avrxmega3/short-calls/crtattiny424.o
                0x0000000000000050                __init
 *(.init0)
 *(.init1)
 *(.init1)
 *(.init2)
 .init2         0x0000000000000050        0xc C:/Program Files/Microchip/MPLABX/v6.20/packs/Microchip/ATtiny_DFP/3.1.260/xc8/avr/lib/avrxmega3/short-calls/crtattiny424.o
 *(.init2)
 *(.init3)
 *(.init3)
 *(.init4)
 .init4         0x000000000000005c       0x3c c:/program files/microchip/xc8/v2.46/avr/bin/../lib/gcc/avr/5.4.0/avrxmega3/short-calls\libgcc.a(_copy_data.o)
                0x000000000000005c                __do_copy_data
                0x000000000000008a                __do_clear_bss
 *(.init4)
 *(.init5)
 *(.init5)
 *(.init6)
 *(.init6)
 *(.init7)
 *(.init7)
 *(.init8)
 *(.init8)
 *(.init9)
 .init9         0x0000000000000098        0x4 C:/Program Files/Microchip/MPLABX/v6.20/packs/Microchip/ATtiny_DFP/3.1.260/xc8/avr/lib/avrxmega3/short-calls/crtattiny424.o
 *(.init9)
                0x000000000000009c                . = ALIGN (0x2)
 *(.fini9)
 .fini9         0x000000000000009c        0x0 c:/program files/microchip/xc8/v2.46/avr/bin/../lib/gcc/avr/5.4.0/avrxmega3/short-calls\libgcc.a(_exit.o)
                0x000000000000009c                _exit
 *(.fini9)
 *(.fini8)
 *(.fini8)
 *(.fini7)
 *(.fini7)
 *(.fini6)
 *(.fini6)
 *(.fini5)
 *(.fini5)
 *(.fini4)
 *(.fini4)
 *(.fini3)
 *(.fini3)
 *(.fini2)
 *(.fini2)
 *(.fini1)
 *(.fini1)
 *(.fini0)
 .fini0         0x000000000000009c        0x4 c:/program files/microchip/xc8/v2.46/avr/bin/../lib/gcc/avr/5.4.0/avrxmega3/short-calls\libgcc.a(_exit.o)
 *(.fini0)
                0x00000000000000a0                _etext = .

.data           0x0000000000803e00        0x0 load address 0x00000000000000a0
                [!provide]                        PROVIDE (__data_start, .)
 *(.gnu.linkonce.d*)
                0x0000000000803e00                . = ALIGN (0x2)
                0x0000000000803e00                _edata = .
                [!provide]                        PROVIDE (__data_end, .)

.bss            0x0000000000803e00        0x0
                [!provide]                        PROVIDE (__bss_start, .)
 *(COMMON)
                [!provide]                        PROVIDE (__bss_end, .)
                0x00000000000000a0                __data_load_start = LOADADDR (.data)
                0x00000000000000a0                __data_load_end = (__data_load_start + SIZEOF (.data))

.noinit         0x0000000000803e00        0x0
                [!provide]                        PROVIDE (__noinit_start, .)
 *(.noinit*)
                [!provide]                        PROVIDE (__noinit_end, .)
                0x0000000000803e00                _end = .

.eeprom         0x0000000000810000        0x0
 *(.eeprom*)
                0x0000000000810000                __eeprom_end = .

.fuse           0x0000000000820000        0x9
 *(.fuse)
 .fuse          0x0000000000820000        0x9 build/default/debug/mcc_generated_files/system/src/config_bits.o
                0x0000000000820000                __fuse
 *(.lfuse)
 *(.hfuse)
 *(.efuse)

.lock
 *(.lock*)

.signature
 *(.signature*)

.user_signatures
 *(.user_signatures*)

.bootrow
 *(.bootrow*)

.stab
 *(.stab)

.stabstr
 *(.stabstr)

.stab.excl
 *(.stab.excl)

.stab.exclstr
 *(.stab.exclstr)

.stab.index
 *(.stab.index)

.stab.indexstr
 *(.stab.indexstr)

.comment        0x0000000000000000       0x5b
 *(.comment)
 .comment       0x0000000000000000       0x2f build/default/debug/mcc_generated_files/adc/src/adc0.o
                                         0x30 (size before relaxing)
 .comment       0x000000000000002f       0x30 build/default/debug/mcc_generated_files/i2c_host/src/twi0.o
 .comment       0x000000000000002f       0x30 build/default/debug/mcc_generated_files/nvm/src/nvm.o
 .comment       0x000000000000002f       0x30 build/default/debug/mcc_generated_files/system/src/config_bits.o
 .comment       0x000000000000002f       0x30 build/default/debug/mcc_generated_files/system/src/system.o
 .comment       0x000000000000002f       0x30 build/default/debug/mcc_generated_files/system/src/pins.o
 .comment       0x000000000000002f       0x30 build/default/debug/mcc_generated_files/system/src/clock.o
 .comment       0x000000000000002f       0x30 build/default/debug/mcc_generated_files/system/src/interrupt.o
 .comment       0x000000000000002f       0x30 build/default/debug/mcc_generated_files/vref/src/vref.o
 .comment       0x000000000000002f       0x30 build/default/debug/main.o
 .comment       0x000000000000002f       0x2c c:/program files/microchip/xc8/v2.46/avr/bin/../lib/gcc/avr/5.4.0/../../../../avr/lib/avrxmega3/short-calls\libc.a(exit.o)
                                         0x2d (size before relaxing)
 .comment       0x000000000000005b       0x2d c:/program files/microchip/xc8/v2.46/avr/bin/../lib/gcc/avr/5.4.0/../../../../avr/lib/avrxmega3/short-calls\libc.a(_Exit.o)

.stack.descriptors.hdr
                0x0000000000000000       0x2a
 .stack.descriptors.hdr
                0x0000000000000000        0xe c:/program files/microchip/xc8/v2.46/avr/bin/../lib/gcc/avr/5.4.0/../../../../avr/lib/avrxmega3/short-calls\libc.a(exit.o)
 .stack.descriptors.hdr
                0x000000000000000e        0xe c:/program files/microchip/xc8/v2.46/avr/bin/../lib/gcc/avr/5.4.0/../../../../avr/lib/avrxmega3/short-calls\libc.a(_Exit.o)
 .stack.descriptors.hdr
                0x000000000000001c        0xe c:/program files/microchip/xc8/v2.46/avr/bin/../lib/gcc/avr/5.4.0/avrxmega3/short-calls\libgcc.a(_exit.o)

.note.GNU-stack
                0x0000000000000000        0x0
 .note.GNU-stack
                0x0000000000000000        0x0 c:/program files/microchip/xc8/v2.46/avr/bin/../lib/gcc/avr/5.4.0/../../../../avr/lib/avrxmega3/short-calls\libc.a(exit.o)
 .note.GNU-stack
                0x0000000000000000        0x0 c:/program files/microchip/xc8/v2.46/avr/bin/../lib/gcc/avr/5.4.0/../../../../avr/lib/avrxmega3/short-calls\libc.a(_Exit.o)

.note.gnu.build-id
 *(.note.gnu.build-id)

.debug
 *(.debug)

.line
 *(.line)

.debug_srcinfo
 *(.debug_srcinfo)

.debug_sfnames
 *(.debug_sfnames)

.debug_aranges  0x0000000000000000      0x398
 *(.debug_aranges)
 .debug_aranges
                0x0000000000000000       0xb8 build/default/debug/mcc_generated_files/adc/src/adc0.o
 .debug_aranges
                0x00000000000000b8       0xb8 build/default/debug/mcc_generated_files/i2c_host/src/twi0.o
 .debug_aranges
                0x0000000000000170       0x70 build/default/debug/mcc_generated_files/nvm/src/nvm.o
 .debug_aranges
                0x00000000000001e0       0x18 build/default/debug/mcc_generated_files/system/src/config_bits.o
 .debug_aranges
                0x00000000000001f8       0x20 build/default/debug/mcc_generated_files/system/src/system.o
 .debug_aranges
                0x0000000000000218       0x20 build/default/debug/mcc_generated_files/system/src/protected_io.o
 .debug_aranges
                0x0000000000000238       0xd8 build/default/debug/mcc_generated_files/system/src/pins.o
 .debug_aranges
                0x0000000000000310       0x20 build/default/debug/mcc_generated_files/system/src/clock.o
 .debug_aranges
                0x0000000000000330       0x20 build/default/debug/mcc_generated_files/system/src/interrupt.o
 .debug_aranges
                0x0000000000000350       0x20 build/default/debug/mcc_generated_files/vref/src/vref.o
 .debug_aranges
                0x0000000000000370       0x28 build/default/debug/main.o

.debug_pubnames
 *(.debug_pubnames)

.debug_info     0x0000000000000000     0x72c6
 *(.debug_info .gnu.linkonce.wi.*)
 .debug_info    0x0000000000000000     0x1b84 C:/Program Files/Microchip/MPLABX/v6.20/packs/Microchip/ATtiny_DFP/3.1.260/xc8/avr/lib/avrxmega3/short-calls/crtattiny424.o
 .debug_info    0x0000000000001b84      0xf3b build/default/debug/mcc_generated_files/adc/src/adc0.o
 .debug_info    0x0000000000002abf     0x120b build/default/debug/mcc_generated_files/i2c_host/src/twi0.o
 .debug_info    0x0000000000003cca      0x94c build/default/debug/mcc_generated_files/nvm/src/nvm.o
 .debug_info    0x0000000000004616      0x828 build/default/debug/mcc_generated_files/system/src/config_bits.o
 .debug_info    0x0000000000004e3e      0x34b build/default/debug/mcc_generated_files/system/src/system.o
 .debug_info    0x0000000000005189       0x80 build/default/debug/mcc_generated_files/system/src/protected_io.o
 .debug_info    0x0000000000005209      0xd4f build/default/debug/mcc_generated_files/system/src/pins.o
 .debug_info    0x0000000000005f58      0x68a build/default/debug/mcc_generated_files/system/src/clock.o
 .debug_info    0x00000000000065e2      0x3f1 build/default/debug/mcc_generated_files/system/src/interrupt.o
 .debug_info    0x00000000000069d3      0x330 build/default/debug/mcc_generated_files/vref/src/vref.o
 .debug_info    0x0000000000006d03      0x5c3 build/default/debug/main.o

.debug_abbrev   0x0000000000000000     0x2761
 *(.debug_abbrev)
 .debug_abbrev  0x0000000000000000     0x1a0e C:/Program Files/Microchip/MPLABX/v6.20/packs/Microchip/ATtiny_DFP/3.1.260/xc8/avr/lib/avrxmega3/short-calls/crtattiny424.o
 .debug_abbrev  0x0000000000001a0e      0x21a build/default/debug/mcc_generated_files/adc/src/adc0.o
 .debug_abbrev  0x0000000000001c28      0x319 build/default/debug/mcc_generated_files/i2c_host/src/twi0.o
 .debug_abbrev  0x0000000000001f41      0x1e5 build/default/debug/mcc_generated_files/nvm/src/nvm.o
 .debug_abbrev  0x0000000000002126       0x97 build/default/debug/mcc_generated_files/system/src/config_bits.o
 .debug_abbrev  0x00000000000021bd       0x58 build/default/debug/mcc_generated_files/system/src/system.o
 .debug_abbrev  0x0000000000002215       0x14 build/default/debug/mcc_generated_files/system/src/protected_io.o
 .debug_abbrev  0x0000000000002229      0x17a build/default/debug/mcc_generated_files/system/src/pins.o
 .debug_abbrev  0x00000000000023a3      0x11d build/default/debug/mcc_generated_files/system/src/clock.o
 .debug_abbrev  0x00000000000024c0       0xfa build/default/debug/mcc_generated_files/system/src/interrupt.o
 .debug_abbrev  0x00000000000025ba       0x8c build/default/debug/mcc_generated_files/vref/src/vref.o
 .debug_abbrev  0x0000000000002646      0x11b build/default/debug/main.o

.debug_line     0x0000000000000000     0x1c31
 *(.debug_line .debug_line.* .debug_line_end)
 .debug_line    0x0000000000000000      0x14e C:/Program Files/Microchip/MPLABX/v6.20/packs/Microchip/ATtiny_DFP/3.1.260/xc8/avr/lib/avrxmega3/short-calls/crtattiny424.o
 .debug_line    0x000000000000014e      0x3e0 build/default/debug/mcc_generated_files/adc/src/adc0.o
 .debug_line    0x000000000000052e      0x6cd build/default/debug/mcc_generated_files/i2c_host/src/twi0.o
 .debug_line    0x0000000000000bfb      0x2e3 build/default/debug/mcc_generated_files/nvm/src/nvm.o
 .debug_line    0x0000000000000ede       0xfe build/default/debug/mcc_generated_files/system/src/config_bits.o
 .debug_line    0x0000000000000fdc      0x1a0 build/default/debug/mcc_generated_files/system/src/system.o
 .debug_line    0x000000000000117c       0x6d build/default/debug/mcc_generated_files/system/src/protected_io.o
 .debug_line    0x00000000000011e9      0x487 build/default/debug/mcc_generated_files/system/src/pins.o
 .debug_line    0x0000000000001670      0x179 build/default/debug/mcc_generated_files/system/src/clock.o
 .debug_line    0x00000000000017e9      0x197 build/default/debug/mcc_generated_files/system/src/interrupt.o
 .debug_line    0x0000000000001980      0x117 build/default/debug/mcc_generated_files/vref/src/vref.o
 .debug_line    0x0000000000001a97      0x19a build/default/debug/main.o

.debug_frame    0x0000000000000000      0x764
 *(.debug_frame)
 .debug_frame   0x0000000000000000      0x160 build/default/debug/mcc_generated_files/adc/src/adc0.o
 .debug_frame   0x0000000000000160      0x23c build/default/debug/mcc_generated_files/i2c_host/src/twi0.o
 .debug_frame   0x000000000000039c       0xc4 build/default/debug/mcc_generated_files/nvm/src/nvm.o
 .debug_frame   0x0000000000000460       0x24 build/default/debug/mcc_generated_files/system/src/system.o
 .debug_frame   0x0000000000000484      0x230 build/default/debug/mcc_generated_files/system/src/pins.o
 .debug_frame   0x00000000000006b4       0x24 build/default/debug/mcc_generated_files/system/src/clock.o
 .debug_frame   0x00000000000006d8       0x24 build/default/debug/mcc_generated_files/system/src/interrupt.o
 .debug_frame   0x00000000000006fc       0x24 build/default/debug/mcc_generated_files/vref/src/vref.o
 .debug_frame   0x0000000000000720       0x44 build/default/debug/main.o

.debug_str      0x0000000000000000      0xd27
 *(.debug_str)
 .debug_str     0x0000000000000000      0xbcd C:/Program Files/Microchip/MPLABX/v6.20/packs/Microchip/ATtiny_DFP/3.1.260/xc8/avr/lib/avrxmega3/short-calls/crtattiny424.o
 .debug_str     0x0000000000000bcd       0x11 build/default/debug/mcc_generated_files/adc/src/adc0.o
 .debug_str     0x0000000000000bde       0x42 build/default/debug/mcc_generated_files/i2c_host/src/twi0.o
 .debug_str     0x0000000000000c20       0x26 build/default/debug/mcc_generated_files/nvm/src/nvm.o
 .debug_str     0x0000000000000c46        0x0 build/default/debug/mcc_generated_files/system/src/config_bits.o
 .debug_str     0x0000000000000c46       0x79 build/default/debug/mcc_generated_files/system/src/system.o
 .debug_str     0x0000000000000cbf       0x25 build/default/debug/mcc_generated_files/system/src/pins.o
 .debug_str     0x0000000000000ce4       0x13 build/default/debug/mcc_generated_files/system/src/clock.o
 .debug_str     0x0000000000000cf7       0x13 build/default/debug/mcc_generated_files/system/src/interrupt.o
 .debug_str     0x0000000000000d0a        0x0 build/default/debug/mcc_generated_files/vref/src/vref.o
 .debug_str     0x0000000000000d0a       0x1d build/default/debug/main.o

.debug_loc      0x0000000000000000      0x95d
 *(.debug_loc)
 .debug_loc     0x0000000000000000      0x12e build/default/debug/mcc_generated_files/adc/src/adc0.o
 .debug_loc     0x000000000000012e      0x379 build/default/debug/mcc_generated_files/i2c_host/src/twi0.o
 .debug_loc     0x00000000000004a7      0x346 build/default/debug/mcc_generated_files/nvm/src/nvm.o
 .debug_loc     0x00000000000007ed      0x11f build/default/debug/mcc_generated_files/system/src/clock.o
 .debug_loc     0x000000000000090c       0x2b build/default/debug/mcc_generated_files/system/src/interrupt.o
 .debug_loc     0x0000000000000937       0x26 build/default/debug/main.o

.debug_macinfo
 *(.debug_macinfo)

.debug_weaknames
 *(.debug_weaknames)

.debug_funcnames
 *(.debug_funcnames)

.debug_typenames
 *(.debug_typenames)

.debug_varnames
 *(.debug_varnames)

.debug_pubtypes
 *(.debug_pubtypes)

.debug_ranges   0x0000000000000000      0x2d0
 *(.debug_ranges)
 .debug_ranges  0x0000000000000000       0xa8 build/default/debug/mcc_generated_files/adc/src/adc0.o
 .debug_ranges  0x00000000000000a8       0xa8 build/default/debug/mcc_generated_files/i2c_host/src/twi0.o
 .debug_ranges  0x0000000000000150       0x60 build/default/debug/mcc_generated_files/nvm/src/nvm.o
 .debug_ranges  0x00000000000001b0       0x10 build/default/debug/mcc_generated_files/system/src/system.o
 .debug_ranges  0x00000000000001c0       0xc8 build/default/debug/mcc_generated_files/system/src/pins.o
 .debug_ranges  0x0000000000000288       0x10 build/default/debug/mcc_generated_files/system/src/clock.o
 .debug_ranges  0x0000000000000298       0x10 build/default/debug/mcc_generated_files/system/src/interrupt.o
 .debug_ranges  0x00000000000002a8       0x10 build/default/debug/mcc_generated_files/vref/src/vref.o
 .debug_ranges  0x00000000000002b8       0x18 build/default/debug/main.o

.debug_macro
 *(.debug_macro)
OUTPUT(dist/default/debug/rgb_bypass.X.debug.elf elf32-avr)
LOAD linker stubs
LOAD data_init

.note.gnu.avr.deviceinfo
                0x0000000000000000       0x3c
 .note.gnu.avr.deviceinfo
                0x0000000000000000       0x3c C:/Program Files/Microchip/MPLABX/v6.20/packs/Microchip/ATtiny_DFP/3.1.260/xc8/avr/lib/avrxmega3/short-calls/crtattiny424.o

.bss.twi0_Status
                0x0000000000803e10        0xe
 .bss.twi0_Status
                0x0000000000803e10        0xe build/default/debug/mcc_generated_files/i2c_host/src/twi0.o
                0x0000000000803e10                twi0_Status

.bss.TWI0_Callback
                0x0000000000803e1e        0x2
 .bss.TWI0_Callback
                0x0000000000803e1e        0x2 build/default/debug/mcc_generated_files/i2c_host/src/twi0.o

.bss.IO_PB3_InterruptHandler
                0x0000000000803e20        0x2
 .bss.IO_PB3_InterruptHandler
                0x0000000000803e20        0x2 build/default/debug/mcc_generated_files/system/src/pins.o

.bss.IO_PB2_InterruptHandler
                0x0000000000803e22        0x2
 .bss.IO_PB2_InterruptHandler
                0x0000000000803e22        0x2 build/default/debug/mcc_generated_files/system/src/pins.o

.bss.IO_PA6_InterruptHandler
                0x0000000000803e24        0x2
 .bss.IO_PA6_InterruptHandler
                0x0000000000803e24        0x2 build/default/debug/mcc_generated_files/system/src/pins.o

.bss.IO_PA5_InterruptHandler
                0x0000000000803e26        0x2
 .bss.IO_PA5_InterruptHandler
                0x0000000000803e26        0x2 build/default/debug/mcc_generated_files/system/src/pins.o

.bss.IO_PA4_InterruptHandler
                0x0000000000803e28        0x2
 .bss.IO_PA4_InterruptHandler
                0x0000000000803e28        0x2 build/default/debug/mcc_generated_files/system/src/pins.o

.bss.IO_PA3_InterruptHandler
                0x0000000000803e2a        0x2
 .bss.IO_PA3_InterruptHandler
                0x0000000000803e2a        0x2 build/default/debug/mcc_generated_files/system/src/pins.o

.bss.IO_PA2_InterruptHandler
                0x0000000000803e2c        0x2
 .bss.IO_PA2_InterruptHandler
                0x0000000000803e2c        0x2 build/default/debug/mcc_generated_files/system/src/pins.o

.bss.IO_PA1_InterruptHandler
                0x0000000000803e2e        0x2
 .bss.IO_PA1_InterruptHandler
                0x0000000000803e2e        0x2 build/default/debug/mcc_generated_files/system/src/pins.o

.bss.IO_PB1_InterruptHandler
                0x0000000000803e30        0x2
 .bss.IO_PB1_InterruptHandler
                0x0000000000803e30        0x2 build/default/debug/mcc_generated_files/system/src/pins.o

.bss.IO_PB0_InterruptHandler
                0x0000000000803e32        0x2
 .bss.IO_PB0_InterruptHandler
                0x0000000000803e32        0x2 build/default/debug/mcc_generated_files/system/src/pins.o

.text.PIN_MANAGER_Initialize
                0x00000000000000a0      0x104
 .text.PIN_MANAGER_Initialize
                0x00000000000000a0      0x104 build/default/debug/mcc_generated_files/system/src/pins.o
                0x00000000000000a0                PIN_MANAGER_Initialize

.text.TWI0_ErrorEventHandler
                0x00000000000001a4       0xc2
 .text.TWI0_ErrorEventHandler
                0x00000000000001a4       0xc2 build/default/debug/mcc_generated_files/i2c_host/src/twi0.o

.text.__vector_15
                0x0000000000000266       0xaa
 .text.__vector_15
                0x0000000000000266       0xaa build/default/debug/mcc_generated_files/i2c_host/src/twi0.o
                0x0000000000000266                __vector_15

.text.__vector_6
                0x0000000000000310       0x9c
 .text.__vector_6
                0x0000000000000310       0x9c build/default/debug/mcc_generated_files/system/src/pins.o
                0x0000000000000310                __vector_6

.text.__vector_7
                0x00000000000003ac       0x80
 .text.__vector_7
                0x00000000000003ac       0x80 build/default/debug/mcc_generated_files/system/src/pins.o
                0x00000000000003ac                __vector_7

.text.I2C_EVENT_RX
                0x000000000000042c       0x74
 .text.I2C_EVENT_RX
                0x000000000000042c       0x74 build/default/debug/mcc_generated_files/i2c_host/src/twi0.o

.text.TWI0_Write
                0x00000000000004a0       0x58
 .text.TWI0_Write
                0x00000000000004a0       0x58 build/default/debug/mcc_generated_files/i2c_host/src/twi0.o
                0x00000000000004a0                TWI0_Write

.text.main      0x00000000000004f8       0x54
 .text.main     0x00000000000004f8       0x54 build/default/debug/main.o
                0x00000000000004f8                main

.text.CLOCK_Initialize
                0x000000000000054c       0x48
 .text.CLOCK_Initialize
                0x000000000000054c       0x48 build/default/debug/mcc_generated_files/system/src/clock.o
                0x000000000000054c                CLOCK_Initialize

.text.I2C_EVENT_TX
                0x0000000000000594       0x44
 .text.I2C_EVENT_TX
                0x0000000000000594       0x44 build/default/debug/mcc_generated_files/i2c_host/src/twi0.o

.text.I2C_EVENT_STOP
                0x00000000000005d8       0x40
 .text.I2C_EVENT_STOP
                0x00000000000005d8       0x40 build/default/debug/mcc_generated_files/i2c_host/src/twi0.o

.text.digipot_write_all
                0x0000000000000618       0x40
 .text.digipot_write_all
                0x0000000000000618       0x40 build/default/debug/main.o
                0x0000000000000618                digipot_write_all

.text.TWI0_Initialize
                0x0000000000000658       0x32
 .text.TWI0_Initialize
                0x0000000000000658       0x32 build/default/debug/mcc_generated_files/i2c_host/src/twi0.o
                0x0000000000000658                TWI0_Initialize

.text.ADC0_Initialize
                0x000000000000068a       0x2c
 .text.ADC0_Initialize
                0x000000000000068a       0x2c build/default/debug/mcc_generated_files/adc/src/adc0.o
                0x000000000000068a                ADC0_Initialize

.text.__vector_21
                0x00000000000006b6       0x1e
 .text.__vector_21
                0x00000000000006b6       0x1e build/default/debug/mcc_generated_files/adc/src/adc0.o
                0x00000000000006b6                __vector_21

.text.TWI0_IsBusy
                0x00000000000006d4       0x18
 .text.TWI0_IsBusy
                0x00000000000006d4       0x18 build/default/debug/mcc_generated_files/i2c_host/src/twi0.o
                0x00000000000006d4                TWI0_IsBusy

.text.I2C_EVENT_RESET
                0x00000000000006ec       0x18
 .text.I2C_EVENT_RESET
                0x00000000000006ec       0x18 build/default/debug/mcc_generated_files/i2c_host/src/twi0.o

.text.CPUINT_Initialize
                0x0000000000000704       0x18
 .text.CPUINT_Initialize
                0x0000000000000704       0x18 build/default/debug/mcc_generated_files/system/src/interrupt.o
                0x0000000000000704                CPUINT_Initialize

.text.I2C_EVENT_SEND_RD_ADDR
                0x000000000000071c       0x14
 .text.I2C_EVENT_SEND_RD_ADDR
                0x000000000000071c       0x14 build/default/debug/mcc_generated_files/i2c_host/src/twi0.o

.text.I2C_EVENT_IDLE
                0x0000000000000730       0x12
 .text.I2C_EVENT_IDLE
                0x0000000000000730       0x12 build/default/debug/mcc_generated_files/i2c_host/src/twi0.o

.text.I2C_EVENT_SEND_WR_ADDR
                0x0000000000000742       0x12
 .text.I2C_EVENT_SEND_WR_ADDR
                0x0000000000000742       0x12 build/default/debug/mcc_generated_files/i2c_host/src/twi0.o

.rodata.twi0_eventTable
                0x0000000000808754       0x12 load address 0x0000000000000754
 .rodata.twi0_eventTable
                0x0000000000808754       0x12 build/default/debug/mcc_generated_files/i2c_host/src/twi0.o
                0x0000000000808754                twi0_eventTable

.text.SYSTEM_Initialize
                0x0000000000000766       0x10
 .text.SYSTEM_Initialize
                0x0000000000000766       0x10 build/default/debug/mcc_generated_files/system/src/system.o
                0x0000000000000766                SYSTEM_Initialize

.text.I2C_EVENT_ERROR
                0x0000000000000776        0xe
 .text.I2C_EVENT_ERROR
                0x0000000000000776        0xe build/default/debug/mcc_generated_files/i2c_host/src/twi0.o

.text.exit      0x0000000000000784        0xe
 .text.exit     0x0000000000000784        0xe c:/program files/microchip/xc8/v2.46/avr/bin/../lib/gcc/avr/5.4.0/../../../../avr/lib/avrxmega3/short-calls\libc.a(exit.o)
                0x0000000000000784                exit

.text.__vector_23
                0x0000000000000792        0xc
 .text.__vector_23
                0x0000000000000792        0xc build/default/debug/mcc_generated_files/adc/src/adc0.o
                0x0000000000000792                __vector_23

.text.__vector_22
                0x000000000000079e        0xc
 .text.__vector_22
                0x000000000000079e        0xc build/default/debug/mcc_generated_files/adc/src/adc0.o
                0x000000000000079e                __vector_22

.text.VREF_Initialize
                0x00000000000007aa        0xc
 .text.VREF_Initialize
                0x00000000000007aa        0xc build/default/debug/mcc_generated_files/vref/src/vref.o
                0x00000000000007aa                VREF_Initialize

.text.__vector_24
                0x00000000000007b6        0xa
 .text.__vector_24
                0x00000000000007b6        0xa build/default/debug/mcc_generated_files/system/src/pins.o
                0x00000000000007b6                __vector_24

.text.protected_write_io
                0x00000000000007c0        0x8
 .text.protected_write_io
                0x00000000000007c0        0x8 build/default/debug/mcc_generated_files/system/src/protected_io.o
                0x00000000000007c0                protected_write_io

.text.NVM_Initialize
                0x00000000000007c8        0x6
 .text.NVM_Initialize
                0x00000000000007c8        0x6 build/default/debug/mcc_generated_files/nvm/src/nvm.o
                0x00000000000007c8                NVM_Initialize

.text.I2C_EVENT_NACK
                0x00000000000007ce        0x4
 .text.I2C_EVENT_NACK
                0x00000000000007ce        0x4 build/default/debug/mcc_generated_files/i2c_host/src/twi0.o

.text           0x00000000000007d2        0x2
 .text          0x00000000000007d2        0x2 C:/Program Files/Microchip/MPLABX/v6.20/packs/Microchip/ATtiny_DFP/3.1.260/xc8/avr/lib/avrxmega3/short-calls/crtattiny424.o
                0x00000000000007d2                __vector_28
                0x00000000000007d2                __vector_1
                0x00000000000007d2                __vector_12
                0x00000000000007d2                __bad_interrupt
                0x00000000000007d2                __vector_3
                0x00000000000007d2                __vector_25
                0x00000000000007d2                __vector_11
                0x00000000000007d2                __vector_13
                0x00000000000007d2                __vector_17
                0x00000000000007d2                __vector_19
                0x00000000000007d2                __vector_27
                0x00000000000007d2                __vector_5
                0x00000000000007d2                __vector_4
                0x00000000000007d2                __vector_9
                0x00000000000007d2                __vector_2
                0x00000000000007d2                __vector_29
                0x00000000000007d2                __vector_8
                0x00000000000007d2                __vector_26
                0x00000000000007d2                __vector_14
                0x00000000000007d2                __vector_10
                0x00000000000007d2                __vector_16
                0x00000000000007d2                __vector_18
                0x00000000000007d2                __vector_20

.text.TWI0_DefaultCallback
                0x00000000000007d4        0x2
 .text.TWI0_DefaultCallback
                0x00000000000007d4        0x2 build/default/debug/mcc_generated_files/i2c_host/src/twi0.o

.text.IO_PB0_DefaultInterruptHandler
                0x00000000000007d6        0x2
 .text.IO_PB0_DefaultInterruptHandler
                0x00000000000007d6        0x2 build/default/debug/mcc_generated_files/system/src/pins.o
                0x00000000000007d6                IO_PB0_DefaultInterruptHandler

.text.IO_PB1_DefaultInterruptHandler
                0x00000000000007d8        0x2
 .text.IO_PB1_DefaultInterruptHandler
                0x00000000000007d8        0x2 build/default/debug/mcc_generated_files/system/src/pins.o
                0x00000000000007d8                IO_PB1_DefaultInterruptHandler

.text.IO_PA1_DefaultInterruptHandler
                0x00000000000007da        0x2
 .text.IO_PA1_DefaultInterruptHandler
                0x00000000000007da        0x2 build/default/debug/mcc_generated_files/system/src/pins.o
                0x00000000000007da                IO_PA1_DefaultInterruptHandler

.text.IO_PA2_DefaultInterruptHandler
                0x00000000000007dc        0x2
 .text.IO_PA2_DefaultInterruptHandler
                0x00000000000007dc        0x2 build/default/debug/mcc_generated_files/system/src/pins.o
                0x00000000000007dc                IO_PA2_DefaultInterruptHandler

.text.IO_PA3_DefaultInterruptHandler
                0x00000000000007de        0x2
 .text.IO_PA3_DefaultInterruptHandler
                0x00000000000007de        0x2 build/default/debug/mcc_generated_files/system/src/pins.o
                0x00000000000007de                IO_PA3_DefaultInterruptHandler

.text.IO_PA4_DefaultInterruptHandler
                0x00000000000007e0        0x2
 .text.IO_PA4_DefaultInterruptHandler
                0x00000000000007e0        0x2 build/default/debug/mcc_generated_files/system/src/pins.o
                0x00000000000007e0                IO_PA4_DefaultInterruptHandler

.text.IO_PA5_DefaultInterruptHandler
                0x00000000000007e2        0x2
 .text.IO_PA5_DefaultInterruptHandler
                0x00000000000007e2        0x2 build/default/debug/mcc_generated_files/system/src/pins.o
                0x00000000000007e2                IO_PA5_DefaultInterruptHandler

.text.IO_PA6_DefaultInterruptHandler
                0x00000000000007e4        0x2
 .text.IO_PA6_DefaultInterruptHandler
                0x00000000000007e4        0x2 build/default/debug/mcc_generated_files/system/src/pins.o
                0x00000000000007e4                IO_PA6_DefaultInterruptHandler

.text.IO_PB2_DefaultInterruptHandler
                0x00000000000007e6        0x2
 .text.IO_PB2_DefaultInterruptHandler
                0x00000000000007e6        0x2 build/default/debug/mcc_generated_files/system/src/pins.o
                0x00000000000007e6                IO_PB2_DefaultInterruptHandler

.text.IO_PB3_DefaultInterruptHandler
                0x00000000000007e8        0x2
 .text.IO_PB3_DefaultInterruptHandler
                0x00000000000007e8        0x2 build/default/debug/mcc_generated_files/system/src/pins.o
                0x00000000000007e8                IO_PB3_DefaultInterruptHandler

.text.__dummy_fini
                0x00000000000007ea        0x2
 .text.__dummy_fini
                0x00000000000007ea        0x2 c:/program files/microchip/xc8/v2.46/avr/bin/../lib/gcc/avr/5.4.0/../../../../avr/lib/avrxmega3/short-calls\libc.a(exit.o)
                0x00000000000007ea                _fini

.text.__dummy_funcs_on_exit
                0x00000000000007ec        0x2
 .text.__dummy_funcs_on_exit
                0x00000000000007ec        0x2 c:/program files/microchip/xc8/v2.46/avr/bin/../lib/gcc/avr/5.4.0/../../../../avr/lib/avrxmega3/short-calls\libc.a(exit.o)
                0x00000000000007ec                __funcs_on_exit

.text.__dummy_simulator_exit
                0x00000000000007ee        0x2
 .text.__dummy_simulator_exit
                0x00000000000007ee        0x2 c:/program files/microchip/xc8/v2.46/avr/bin/../lib/gcc/avr/5.4.0/../../../../avr/lib/avrxmega3/short-calls\libc.a(exit.o)
                0x00000000000007ee                __simulator_exit

.text._Exit     0x00000000000007f0        0x2
 .text._Exit    0x00000000000007f0        0x2 c:/program files/microchip/xc8/v2.46/avr/bin/../lib/gcc/avr/5.4.0/../../../../avr/lib/avrxmega3/short-calls\libc.a(_Exit.o)
                0x00000000000007f0                _Exit

.data.pot_init_table
                0x0000000000803e00       0x10 load address 0x00000000000007f2
 .data.pot_init_table
                0x0000000000803e00       0x10 build/default/debug/main.o
                0x0000000000803e00                pot_init_table

.data.twi_slave_addr
                0x0000000000803e34        0x1 load address 0x0000000000000802
 .data.twi_slave_addr
                0x0000000000803e34        0x1 build/default/debug/main.o
                0x0000000000803e34                twi_slave_addr
